<html>
<body>
<pre>
<h1>µVision Build Log</h1>
<h2>Project:</h2>
N:\2B\MTE 241\Brick_Breaker_New\brick_breaker.uvproj
Project File Date:  07/17/2016

<h2>Output:</h2>
Rebuild target 'Target 1'
assembling startup_LPC17xx.s...
compiling ADC.c...
compiling button.c...
compiling game.c...
game.c(106): error:  #44: expression must have pointer type
game.c(107): error:  #44: expression must have pointer type
game.c(93): warning:  #177-D: variable "i" was declared but never referenced
game.c(150): error:  #44: expression must have pointer type
game.c(151): error:  #44: expression must have pointer type
game.c(137): warning:  #177-D: variable "k" was declared but never referenced
game.c(138): warning:  #177-D: variable "l" was declared but never referenced
game.c(139): warning:  #177-D: variable "bitmap_val" was declared but never referenced
game.c(140): warning:  #177-D: variable "bitmap_x" was declared but never referenced
game.c(141): warning:  #177-D: variable "bitmap_y" was declared but never referenced
game.c(181): error:  #136: struct "<unnamed>" has no field "bitmap"
game.c(368): warning:  #111-D: statement is unreachable
compiling GLCD_SPI_LPC1700.c...
compiling LED.c...
compiling Retarget.c...
uart.h(25): warning:  #47-D: incompatible redefinition of macro "__RTGT_UART"
compiling RIT.c...
RIT.h(7): warning:  #1295-D: Deprecated declaration RIT_IRQHandler - give arg types
RIT.h(10): warning:  #1-D: last line of file ends without a newline
compiling RTX_Conf_CM.c...
compiling Serial.c...
compiling uart.c...
uart.h(25): warning:  #47-D: incompatible redefinition of macro "__RTGT_UART"
compiling system_LPC17xx.c...
Target not created
Rebuild target 'Target 1'
assembling startup_LPC17xx.s...
compiling ADC.c...
compiling button.c...
compiling game.c...
game.c(106): error:  #513: a value of type "unsigned short" cannot be assigned to an entity of type "unsigned short *"
game.c(107): error:  #513: a value of type "unsigned short" cannot be assigned to an entity of type "unsigned short *"
game.c(93): warning:  #177-D: variable "i" was declared but never referenced
game.c(150): error:  #44: expression must have pointer type
game.c(151): error:  #44: expression must have pointer type
game.c(137): warning:  #177-D: variable "k" was declared but never referenced
game.c(138): warning:  #177-D: variable "l" was declared but never referenced
game.c(139): warning:  #177-D: variable "bitmap_val" was declared but never referenced
game.c(140): warning:  #177-D: variable "bitmap_x" was declared but never referenced
game.c(141): warning:  #177-D: variable "bitmap_y" was declared but never referenced
game.c(181): error:  #136: struct "<unnamed>" has no field "bitmap"
game.c(368): warning:  #111-D: statement is unreachable
compiling GLCD_SPI_LPC1700.c...
compiling LED.c...
compiling Retarget.c...
uart.h(25): warning:  #47-D: incompatible redefinition of macro "__RTGT_UART"
compiling RIT.c...
RIT.h(7): warning:  #1295-D: Deprecated declaration RIT_IRQHandler - give arg types
RIT.h(10): warning:  #1-D: last line of file ends without a newline
compiling RTX_Conf_CM.c...
compiling Serial.c...
compiling uart.c...
uart.h(25): warning:  #47-D: incompatible redefinition of macro "__RTGT_UART"
compiling system_LPC17xx.c...
Target not created
Rebuild target 'Target 1'
assembling startup_LPC17xx.s...
compiling ADC.c...
compiling button.c...
compiling game.c...
game.c(93): warning:  #177-D: variable "i" was declared but never referenced
game.c(137): warning:  #177-D: variable "k" was declared but never referenced
game.c(138): warning:  #177-D: variable "l" was declared but never referenced
game.c(139): warning:  #177-D: variable "bitmap_val" was declared but never referenced
game.c(140): warning:  #177-D: variable "bitmap_x" was declared but never referenced
game.c(141): warning:  #177-D: variable "bitmap_y" was declared but never referenced
game.c(181): error:  #136: struct "<unnamed>" has no field "bitmap"
game.c(368): warning:  #111-D: statement is unreachable
compiling GLCD_SPI_LPC1700.c...
compiling LED.c...
compiling Retarget.c...
uart.h(25): warning:  #47-D: incompatible redefinition of macro "__RTGT_UART"
compiling RIT.c...
RIT.h(7): warning:  #1295-D: Deprecated declaration RIT_IRQHandler - give arg types
RIT.h(10): warning:  #1-D: last line of file ends without a newline
compiling RTX_Conf_CM.c...
compiling Serial.c...
compiling uart.c...
uart.h(25): warning:  #47-D: incompatible redefinition of macro "__RTGT_UART"
compiling system_LPC17xx.c...
Target not created
Rebuild target 'Target 1'
assembling startup_LPC17xx.s...
compiling ADC.c...
compiling button.c...
compiling game.c...
game.c(93): warning:  #177-D: variable "i" was declared but never referenced
game.c(137): warning:  #177-D: variable "k" was declared but never referenced
game.c(138): warning:  #177-D: variable "l" was declared but never referenced
game.c(139): warning:  #177-D: variable "bitmap_val" was declared but never referenced
game.c(140): warning:  #177-D: variable "bitmap_x" was declared but never referenced
game.c(141): warning:  #177-D: variable "bitmap_y" was declared but never referenced
game.c(182): error:  #20: identifier "i" is undefined
game.c(183): error:  #20: identifier "j" is undefined
game.c(185): error:  #154: expression must have struct or union type
game.c(367): warning:  #111-D: statement is unreachable
compiling GLCD_SPI_LPC1700.c...
compiling LED.c...
compiling Retarget.c...
uart.h(25): warning:  #47-D: incompatible redefinition of macro "__RTGT_UART"
compiling RIT.c...
RIT.h(7): warning:  #1295-D: Deprecated declaration RIT_IRQHandler - give arg types
RIT.h(10): warning:  #1-D: last line of file ends without a newline
compiling RTX_Conf_CM.c...
compiling Serial.c...
compiling uart.c...
uart.h(25): warning:  #47-D: incompatible redefinition of macro "__RTGT_UART"
compiling system_LPC17xx.c...
Target not created
Rebuild target 'Target 1'
assembling startup_LPC17xx.s...
compiling ADC.c...
compiling button.c...
compiling game.c...
game.c(93): warning:  #177-D: variable "i" was declared but never referenced
game.c(137): warning:  #177-D: variable "k" was declared but never referenced
game.c(138): warning:  #177-D: variable "l" was declared but never referenced
game.c(139): warning:  #177-D: variable "bitmap_val" was declared but never referenced
game.c(140): warning:  #177-D: variable "bitmap_x" was declared but never referenced
game.c(141): warning:  #177-D: variable "bitmap_y" was declared but never referenced
game.c(185): error:  #154: expression must have struct or union type
game.c(367): warning:  #111-D: statement is unreachable
compiling GLCD_SPI_LPC1700.c...
compiling LED.c...
compiling Retarget.c...
uart.h(25): warning:  #47-D: incompatible redefinition of macro "__RTGT_UART"
compiling RIT.c...
RIT.h(7): warning:  #1295-D: Deprecated declaration RIT_IRQHandler - give arg types
RIT.h(10): warning:  #1-D: last line of file ends without a newline
compiling RTX_Conf_CM.c...
compiling Serial.c...
compiling uart.c...
uart.h(25): warning:  #47-D: incompatible redefinition of macro "__RTGT_UART"
compiling system_LPC17xx.c...
Target not created
Rebuild target 'Target 1'
assembling startup_LPC17xx.s...
compiling ADC.c...
compiling button.c...
compiling game.c...
game.c(93): warning:  #177-D: variable "i" was declared but never referenced
game.c(137): warning:  #177-D: variable "k" was declared but never referenced
game.c(138): warning:  #177-D: variable "l" was declared but never referenced
game.c(139): warning:  #177-D: variable "bitmap_val" was declared but never referenced
game.c(140): warning:  #177-D: variable "bitmap_x" was declared but never referenced
game.c(141): warning:  #177-D: variable "bitmap_y" was declared but never referenced
game.c(367): warning:  #111-D: statement is unreachable
compiling GLCD_SPI_LPC1700.c...
compiling LED.c...
compiling Retarget.c...
uart.h(25): warning:  #47-D: incompatible redefinition of macro "__RTGT_UART"
compiling RIT.c...
RIT.h(7): warning:  #1295-D: Deprecated declaration RIT_IRQHandler - give arg types
RIT.h(10): warning:  #1-D: last line of file ends without a newline
compiling RTX_Conf_CM.c...
compiling Serial.c...
compiling uart.c...
uart.h(25): warning:  #47-D: incompatible redefinition of macro "__RTGT_UART"
compiling system_LPC17xx.c...
linking...
Program Size: Code=10820 RO-data=6548 RW-data=2620 ZI-data=11212  
"brick_breaker.axf" - 0 Error(s), 11 Warning(s).
Rebuild target 'Target 1'
assembling startup_LPC17xx.s...
compiling ADC.c...
compiling button.c...
compiling game.c...
game.c(93): warning:  #177-D: variable "i" was declared but never referenced
game.c(137): warning:  #177-D: variable "k" was declared but never referenced
game.c(138): warning:  #177-D: variable "l" was declared but never referenced
game.c(139): warning:  #177-D: variable "bitmap_val" was declared but never referenced
game.c(140): warning:  #177-D: variable "bitmap_x" was declared but never referenced
game.c(141): warning:  #177-D: variable "bitmap_y" was declared but never referenced
game.c(367): warning:  #111-D: statement is unreachable
compiling GLCD_SPI_LPC1700.c...
compiling LED.c...
compiling Retarget.c...
uart.h(25): warning:  #47-D: incompatible redefinition of macro "__RTGT_UART"
compiling RIT.c...
RIT.h(7): warning:  #1295-D: Deprecated declaration RIT_IRQHandler - give arg types
RIT.h(10): warning:  #1-D: last line of file ends without a newline
compiling RTX_Conf_CM.c...
compiling Serial.c...
compiling uart.c...
uart.h(25): warning:  #47-D: incompatible redefinition of macro "__RTGT_UART"
compiling system_LPC17xx.c...
linking...
Program Size: Code=10820 RO-data=6548 RW-data=2620 ZI-data=11212  
"brick_breaker.axf" - 0 Error(s), 11 Warning(s).
Load "N:\\2B\\MTE 241\\Brick_Breaker_New\\brick_breaker.AXF" 
Erase Done.
Programming Done.
Verify OK.
Rebuild target 'Target 1'
assembling startup_LPC17xx.s...
compiling ADC.c...
compiling button.c...
compiling game.c...
game.c(93): warning:  #177-D: variable "i" was declared but never referenced
game.c(137): warning:  #177-D: variable "k" was declared but never referenced
game.c(138): warning:  #177-D: variable "l" was declared but never referenced
game.c(139): warning:  #177-D: variable "bitmap_val" was declared but never referenced
game.c(140): warning:  #177-D: variable "bitmap_x" was declared but never referenced
game.c(141): warning:  #177-D: variable "bitmap_y" was declared but never referenced
game.c(366): warning:  #111-D: statement is unreachable
compiling GLCD_SPI_LPC1700.c...
compiling LED.c...
compiling Retarget.c...
uart.h(25): warning:  #47-D: incompatible redefinition of macro "__RTGT_UART"
compiling RIT.c...
RIT.h(7): warning:  #1295-D: Deprecated declaration RIT_IRQHandler - give arg types
RIT.h(10): warning:  #1-D: last line of file ends without a newline
compiling RTX_Conf_CM.c...
compiling Serial.c...
compiling uart.c...
uart.h(25): warning:  #47-D: incompatible redefinition of macro "__RTGT_UART"
compiling system_LPC17xx.c...
linking...
Program Size: Code=10888 RO-data=6548 RW-data=2620 ZI-data=11212  
"brick_breaker.axf" - 0 Error(s), 11 Warning(s).
Load "N:\\2B\\MTE 241\\Brick_Breaker_New\\brick_breaker.AXF" 
Erase Done.
Programming Done.
Verify OK.
Rebuild target 'Target 1'
assembling startup_LPC17xx.s...
compiling ADC.c...
compiling button.c...
compiling game.c...
game.c(93): warning:  #177-D: variable "i" was declared but never referenced
game.c(137): warning:  #177-D: variable "k" was declared but never referenced
game.c(138): warning:  #177-D: variable "l" was declared but never referenced
game.c(139): warning:  #177-D: variable "bitmap_val" was declared but never referenced
game.c(140): warning:  #177-D: variable "bitmap_x" was declared but never referenced
game.c(141): warning:  #177-D: variable "bitmap_y" was declared but never referenced
game.c(397): warning:  #111-D: statement is unreachable
compiling GLCD_SPI_LPC1700.c...
compiling LED.c...
compiling Retarget.c...
uart.h(25): warning:  #47-D: incompatible redefinition of macro "__RTGT_UART"
compiling RIT.c...
RIT.h(7): warning:  #1295-D: Deprecated declaration RIT_IRQHandler - give arg types
RIT.h(10): warning:  #1-D: last line of file ends without a newline
compiling RTX_Conf_CM.c...
compiling Serial.c...
compiling uart.c...
uart.h(25): warning:  #47-D: incompatible redefinition of macro "__RTGT_UART"
compiling system_LPC17xx.c...
linking...
Program Size: Code=11312 RO-data=6548 RW-data=2620 ZI-data=11212  
"brick_breaker.axf" - 0 Error(s), 11 Warning(s).
Load "N:\\2B\\MTE 241\\Brick_Breaker_New\\brick_breaker.AXF" 
Erase Done.
Programming Done.
Verify OK.
Build target 'Target 1'
compiling game.c...
game.c(93): warning:  #177-D: variable "i" was declared but never referenced
game.c(137): warning:  #177-D: variable "k" was declared but never referenced
game.c(138): warning:  #177-D: variable "l" was declared but never referenced
game.c(139): warning:  #177-D: variable "bitmap_val" was declared but never referenced
game.c(140): warning:  #177-D: variable "bitmap_x" was declared but never referenced
game.c(141): warning:  #177-D: variable "bitmap_y" was declared but never referenced
game.c(398): warning:  #111-D: statement is unreachable
linking...
Program Size: Code=11340 RO-data=6548 RW-data=2620 ZI-data=10732  
"brick_breaker.axf" - 0 Error(s), 7 Warning(s).
Load "N:\\2B\\MTE 241\\Brick_Breaker_New\\brick_breaker.AXF" 
Erase Done.
Programming Done.
Verify OK.
Rebuild target 'Target 1'
assembling startup_LPC17xx.s...
compiling ADC.c...
compiling button.c...
compiling game.c...
game.c(93): warning:  #177-D: variable "i" was declared but never referenced
game.c(137): warning:  #177-D: variable "k" was declared but never referenced
game.c(138): warning:  #177-D: variable "l" was declared but never referenced
game.c(139): warning:  #177-D: variable "bitmap_val" was declared but never referenced
game.c(140): warning:  #177-D: variable "bitmap_x" was declared but never referenced
game.c(141): warning:  #177-D: variable "bitmap_y" was declared but never referenced
game.c(398): warning:  #111-D: statement is unreachable
compiling GLCD_SPI_LPC1700.c...
compiling LED.c...
compiling Retarget.c...
uart.h(25): warning:  #47-D: incompatible redefinition of macro "__RTGT_UART"
compiling RIT.c...
RIT.h(7): warning:  #1295-D: Deprecated declaration RIT_IRQHandler - give arg types
RIT.h(10): warning:  #1-D: last line of file ends without a newline
compiling RTX_Conf_CM.c...
compiling Serial.c...
compiling uart.c...
uart.h(25): warning:  #47-D: incompatible redefinition of macro "__RTGT_UART"
compiling system_LPC17xx.c...
linking...
Program Size: Code=11340 RO-data=6548 RW-data=7020 ZI-data=10492  
"brick_breaker.axf" - 0 Error(s), 11 Warning(s).
Load "N:\\2B\\MTE 241\\Brick_Breaker_New\\brick_breaker.AXF" 
Erase Done.
Programming Done.
Verify OK.
Rebuild target 'Target 1'
assembling startup_LPC17xx.s...
compiling ADC.c...
compiling button.c...
compiling game.c...
game.c(93): warning:  #177-D: variable "i" was declared but never referenced
game.c(137): warning:  #177-D: variable "k" was declared but never referenced
game.c(138): warning:  #177-D: variable "l" was declared but never referenced
game.c(139): warning:  #177-D: variable "bitmap_val" was declared but never referenced
game.c(140): warning:  #177-D: variable "bitmap_x" was declared but never referenced
game.c(141): warning:  #177-D: variable "bitmap_y" was declared but never referenced
game.c(398): warning:  #111-D: statement is unreachable
compiling GLCD_SPI_LPC1700.c...
compiling LED.c...
compiling Retarget.c...
uart.h(25): warning:  #47-D: incompatible redefinition of macro "__RTGT_UART"
compiling RIT.c...
RIT.h(7): warning:  #1295-D: Deprecated declaration RIT_IRQHandler - give arg types
RIT.h(10): warning:  #1-D: last line of file ends without a newline
compiling RTX_Conf_CM.c...
compiling Serial.c...
compiling uart.c...
uart.h(25): warning:  #47-D: incompatible redefinition of macro "__RTGT_UART"
compiling system_LPC17xx.c...
linking...
Program Size: Code=11340 RO-data=6548 RW-data=4620 ZI-data=10492  
"brick_breaker.axf" - 0 Error(s), 11 Warning(s).
Load "N:\\2B\\MTE 241\\Brick_Breaker_New\\brick_breaker.AXF" 
Erase Done.
Programming Done.
Verify OK.
Rebuild target 'Target 1'
assembling startup_LPC17xx.s...
compiling ADC.c...
compiling button.c...
compiling game.c...
game.c(113): warning:  #177-D: variable "i" was declared but never referenced
game.c(157): warning:  #177-D: variable "k" was declared but never referenced
game.c(158): warning:  #177-D: variable "l" was declared but never referenced
game.c(159): warning:  #177-D: variable "bitmap_val" was declared but never referenced
game.c(160): warning:  #177-D: variable "bitmap_x" was declared but never referenced
game.c(161): warning:  #177-D: variable "bitmap_y" was declared but never referenced
game.c(418): warning:  #111-D: statement is unreachable
compiling GLCD_SPI_LPC1700.c...
compiling LED.c...
compiling Retarget.c...
uart.h(25): warning:  #47-D: incompatible redefinition of macro "__RTGT_UART"
compiling RIT.c...
RIT.h(7): warning:  #1295-D: Deprecated declaration RIT_IRQHandler - give arg types
RIT.h(10): warning:  #1-D: last line of file ends without a newline
compiling RTX_Conf_CM.c...
compiling Serial.c...
compiling uart.c...
uart.h(25): warning:  #47-D: incompatible redefinition of macro "__RTGT_UART"
compiling system_LPC17xx.c...
linking...
Program Size: Code=11340 RO-data=6548 RW-data=4620 ZI-data=10492  
"brick_breaker.axf" - 0 Error(s), 11 Warning(s).
Load "N:\\2B\\MTE 241\\Brick_Breaker_New\\brick_breaker.AXF" 
Erase Done.
Programming Done.
Verify OK.
Rebuild target 'Target 1'
assembling startup_LPC17xx.s...
compiling ADC.c...
compiling button.c...
compiling game.c...
game.c(113): warning:  #177-D: variable "i" was declared but never referenced
game.c(157): warning:  #177-D: variable "k" was declared but never referenced
game.c(158): warning:  #177-D: variable "l" was declared but never referenced
game.c(159): warning:  #177-D: variable "bitmap_val" was declared but never referenced
game.c(160): warning:  #177-D: variable "bitmap_x" was declared but never referenced
game.c(161): warning:  #177-D: variable "bitmap_y" was declared but never referenced
game.c(186): warning:  #177-D: variable "i" was declared but never referenced
game.c(187): warning:  #177-D: variable "j" was declared but never referenced
game.c(422): warning:  #111-D: statement is unreachable
compiling GLCD_SPI_LPC1700.c...
compiling LED.c...
compiling Retarget.c...
uart.h(25): warning:  #47-D: incompatible redefinition of macro "__RTGT_UART"
compiling RIT.c...
RIT.h(7): warning:  #1295-D: Deprecated declaration RIT_IRQHandler - give arg types
RIT.h(10): warning:  #1-D: last line of file ends without a newline
compiling RTX_Conf_CM.c...
compiling Serial.c...
compiling uart.c...
uart.h(25): warning:  #47-D: incompatible redefinition of macro "__RTGT_UART"
compiling system_LPC17xx.c...
linking...
Program Size: Code=11320 RO-data=6548 RW-data=4620 ZI-data=10492  
"brick_breaker.axf" - 0 Error(s), 13 Warning(s).
Load "N:\\2B\\MTE 241\\Brick_Breaker_New\\brick_breaker.AXF" 
Erase Done.
Programming Done.
Verify OK.
Rebuild target 'Target 1'
assembling startup_LPC17xx.s...
compiling ADC.c...
compiling button.c...
compiling game.c...
game.c(113): warning:  #177-D: variable "i" was declared but never referenced
game.c(157): warning:  #177-D: variable "k" was declared but never referenced
game.c(158): warning:  #177-D: variable "l" was declared but never referenced
game.c(159): warning:  #177-D: variable "bitmap_val" was declared but never referenced
game.c(160): warning:  #177-D: variable "bitmap_x" was declared but never referenced
game.c(161): warning:  #177-D: variable "bitmap_y" was declared but never referenced
game.c(186): warning:  #177-D: variable "i" was declared but never referenced
game.c(187): warning:  #177-D: variable "j" was declared but never referenced
game.c(423): warning:  #111-D: statement is unreachable
compiling GLCD_SPI_LPC1700.c...
compiling LED.c...
compiling Retarget.c...
uart.h(25): warning:  #47-D: incompatible redefinition of macro "__RTGT_UART"
compiling RIT.c...
RIT.h(7): warning:  #1295-D: Deprecated declaration RIT_IRQHandler - give arg types
RIT.h(10): warning:  #1-D: last line of file ends without a newline
compiling RTX_Conf_CM.c...
compiling Serial.c...
compiling uart.c...
uart.h(25): warning:  #47-D: incompatible redefinition of macro "__RTGT_UART"
compiling system_LPC17xx.c...
linking...
Program Size: Code=11340 RO-data=6548 RW-data=4620 ZI-data=10492  
"brick_breaker.axf" - 0 Error(s), 13 Warning(s).
Load "N:\\2B\\MTE 241\\Brick_Breaker_New\\brick_breaker.AXF" 
Erase Done.
Programming Done.
Verify OK.
Rebuild target 'Target 1'
assembling startup_LPC17xx.s...
compiling ADC.c...
compiling button.c...
compiling game.c...
game.c(113): warning:  #177-D: variable "i" was declared but never referenced
game.c(157): warning:  #177-D: variable "k" was declared but never referenced
game.c(158): warning:  #177-D: variable "l" was declared but never referenced
game.c(159): warning:  #177-D: variable "bitmap_val" was declared but never referenced
game.c(160): warning:  #177-D: variable "bitmap_x" was declared but never referenced
game.c(161): warning:  #177-D: variable "bitmap_y" was declared but never referenced
game.c(186): warning:  #177-D: variable "i" was declared but never referenced
game.c(187): warning:  #177-D: variable "j" was declared but never referenced
game.c(416): warning:  #223-D: function "brick_state_init" declared implicitly
game.c(423): warning:  #111-D: statement is unreachable
compiling GLCD_SPI_LPC1700.c...
compiling LED.c...
compiling Retarget.c...
uart.h(25): warning:  #47-D: incompatible redefinition of macro "__RTGT_UART"
compiling RIT.c...
RIT.h(7): warning:  #1295-D: Deprecated declaration RIT_IRQHandler - give arg types
RIT.h(10): warning:  #1-D: last line of file ends without a newline
compiling RTX_Conf_CM.c...
compiling Serial.c...
compiling uart.c...
uart.h(25): warning:  #47-D: incompatible redefinition of macro "__RTGT_UART"
compiling system_LPC17xx.c...
linking...
brick_breaker.axf: Error: L6218E: Undefined symbol brick_state_init (referred from game.o).
Target not created
Rebuild target 'Target 1'
assembling startup_LPC17xx.s...
compiling ADC.c...
compiling button.c...
compiling game.c...
game.c(113): warning:  #177-D: variable "i" was declared but never referenced
game.c(157): warning:  #177-D: variable "k" was declared but never referenced
game.c(158): warning:  #177-D: variable "l" was declared but never referenced
game.c(159): warning:  #177-D: variable "bitmap_val" was declared but never referenced
game.c(160): warning:  #177-D: variable "bitmap_x" was declared but never referenced
game.c(161): warning:  #177-D: variable "bitmap_y" was declared but never referenced
game.c(186): warning:  #177-D: variable "i" was declared but never referenced
game.c(187): warning:  #177-D: variable "j" was declared but never referenced
game.c(423): warning:  #111-D: statement is unreachable
compiling GLCD_SPI_LPC1700.c...
compiling LED.c...
compiling Retarget.c...
uart.h(25): warning:  #47-D: incompatible redefinition of macro "__RTGT_UART"
compiling RIT.c...
RIT.h(7): warning:  #1295-D: Deprecated declaration RIT_IRQHandler - give arg types
RIT.h(10): warning:  #1-D: last line of file ends without a newline
compiling RTX_Conf_CM.c...
compiling Serial.c...
compiling uart.c...
uart.h(25): warning:  #47-D: incompatible redefinition of macro "__RTGT_UART"
compiling system_LPC17xx.c...
linking...
Program Size: Code=11340 RO-data=6548 RW-data=4620 ZI-data=10492  
"brick_breaker.axf" - 0 Error(s), 13 Warning(s).
Load "N:\\2B\\MTE 241\\Brick_Breaker_New\\brick_breaker.AXF" 
Erase Done.
Programming Done.
Verify OK.
Rebuild target 'Target 1'
assembling startup_LPC17xx.s...
compiling ADC.c...
compiling button.c...
compiling game.c...
game.c(129): warning:  #177-D: variable "i" was declared but never referenced
game.c(173): warning:  #177-D: variable "k" was declared but never referenced
game.c(174): warning:  #177-D: variable "l" was declared but never referenced
game.c(175): warning:  #177-D: variable "bitmap_val" was declared but never referenced
game.c(176): warning:  #177-D: variable "bitmap_x" was declared but never referenced
game.c(177): warning:  #177-D: variable "bitmap_y" was declared but never referenced
game.c(203): warning:  #177-D: variable "i" was declared but never referenced
game.c(204): warning:  #177-D: variable "j" was declared but never referenced
game.c(401): warning:  #111-D: statement is unreachable
compiling GLCD_SPI_LPC1700.c...
compiling LED.c...
compiling Retarget.c...
uart.h(25): warning:  #47-D: incompatible redefinition of macro "__RTGT_UART"
compiling RIT.c...
RIT.h(7): warning:  #1295-D: Deprecated declaration RIT_IRQHandler - give arg types
RIT.h(10): warning:  #1-D: last line of file ends without a newline
compiling RTX_Conf_CM.c...
compiling Serial.c...
compiling uart.c...
uart.h(25): warning:  #47-D: incompatible redefinition of macro "__RTGT_UART"
compiling system_LPC17xx.c...
linking...
Program Size: Code=11380 RO-data=6548 RW-data=4620 ZI-data=10492  
"brick_breaker.axf" - 0 Error(s), 13 Warning(s).
Load "N:\\2B\\MTE 241\\Brick_Breaker_New\\brick_breaker.AXF" 
Erase Done.
Programming Done.
Verify OK.
Rebuild target 'Target 1'
assembling startup_LPC17xx.s...
compiling ADC.c...
compiling button.c...
compiling game.c...
game.c(117): warning:  #177-D: variable "i" was declared but never referenced
game.c(161): warning:  #177-D: variable "k" was declared but never referenced
game.c(162): warning:  #177-D: variable "l" was declared but never referenced
game.c(163): warning:  #177-D: variable "bitmap_val" was declared but never referenced
game.c(164): warning:  #177-D: variable "bitmap_x" was declared but never referenced
game.c(165): warning:  #177-D: variable "bitmap_y" was declared but never referenced
game.c(182): error:  #20: identifier "update_paddle_task" is undefined
game.c(185): error:  #136: struct "<unnamed>" has no field "y_pos"
game.c(186): error:  #136: struct "<unnamed>" has no field "y_pos"
game.c(205): warning:  #177-D: variable "i" was declared but never referenced
game.c(206): warning:  #177-D: variable "j" was declared but never referenced
game.c(394): warning:  #111-D: statement is unreachable
compiling GLCD_SPI_LPC1700.c...
compiling LED.c...
compiling Retarget.c...
uart.h(25): warning:  #47-D: incompatible redefinition of macro "__RTGT_UART"
compiling RIT.c...
RIT.h(7): warning:  #1295-D: Deprecated declaration RIT_IRQHandler - give arg types
RIT.h(10): warning:  #1-D: last line of file ends without a newline
compiling RTX_Conf_CM.c...
compiling Serial.c...
compiling uart.c...
uart.h(25): warning:  #47-D: incompatible redefinition of macro "__RTGT_UART"
compiling system_LPC17xx.c...
Target not created
Rebuild target 'Target 1'
assembling startup_LPC17xx.s...
compiling ADC.c...
compiling button.c...
compiling game.c...
game.c(117): warning:  #177-D: variable "i" was declared but never referenced
game.c(161): warning:  #177-D: variable "k" was declared but never referenced
game.c(162): warning:  #177-D: variable "l" was declared but never referenced
game.c(163): warning:  #177-D: variable "bitmap_val" was declared but never referenced
game.c(164): warning:  #177-D: variable "bitmap_x" was declared but never referenced
game.c(165): warning:  #177-D: variable "bitmap_y" was declared but never referenced
game.c(182): error:  #20: identifier "update_paddle_task" is undefined
game.c(186): error:  #136: struct "<unnamed>" has no field "y_pos"
game.c(205): warning:  #177-D: variable "i" was declared but never referenced
game.c(206): warning:  #177-D: variable "j" was declared but never referenced
game.c(394): warning:  #111-D: statement is unreachable
compiling GLCD_SPI_LPC1700.c...
compiling LED.c...
compiling Retarget.c...
uart.h(25): warning:  #47-D: incompatible redefinition of macro "__RTGT_UART"
compiling RIT.c...
RIT.h(7): warning:  #1295-D: Deprecated declaration RIT_IRQHandler - give arg types
RIT.h(10): warning:  #1-D: last line of file ends without a newline
compiling RTX_Conf_CM.c...
compiling Serial.c...
compiling uart.c...
uart.h(25): warning:  #47-D: incompatible redefinition of macro "__RTGT_UART"
compiling system_LPC17xx.c...
Target not created
Rebuild target 'Target 1'
assembling startup_LPC17xx.s...
compiling ADC.c...
compiling button.c...
compiling game.c...
game.c(117): warning:  #177-D: variable "i" was declared but never referenced
game.c(161): warning:  #177-D: variable "k" was declared but never referenced
game.c(162): warning:  #177-D: variable "l" was declared but never referenced
game.c(163): warning:  #177-D: variable "bitmap_val" was declared but never referenced
game.c(164): warning:  #177-D: variable "bitmap_x" was declared but never referenced
game.c(165): warning:  #177-D: variable "bitmap_y" was declared but never referenced
game.c(191): warning:  #177-D: variable "i" was declared but never referenced
game.c(192): warning:  #177-D: variable "j" was declared but never referenced
game.c(252): error:  #136: struct "<unnamed>" has no field "y_pos"
game.c(391): warning:  #111-D: statement is unreachable
compiling GLCD_SPI_LPC1700.c...
compiling LED.c...
compiling Retarget.c...
uart.h(25): warning:  #47-D: incompatible redefinition of macro "__RTGT_UART"
compiling RIT.c...
RIT.h(7): warning:  #1295-D: Deprecated declaration RIT_IRQHandler - give arg types
RIT.h(10): warning:  #1-D: last line of file ends without a newline
compiling RTX_Conf_CM.c...
compiling Serial.c...
compiling uart.c...
uart.h(25): warning:  #47-D: incompatible redefinition of macro "__RTGT_UART"
compiling system_LPC17xx.c...
Target not created
Rebuild target 'Target 1'
assembling startup_LPC17xx.s...
compiling ADC.c...
compiling button.c...
compiling game.c...
game.c(117): warning:  #177-D: variable "i" was declared but never referenced
game.c(161): warning:  #177-D: variable "k" was declared but never referenced
game.c(162): warning:  #177-D: variable "l" was declared but never referenced
game.c(163): warning:  #177-D: variable "bitmap_val" was declared but never referenced
game.c(164): warning:  #177-D: variable "bitmap_x" was declared but never referenced
game.c(165): warning:  #177-D: variable "bitmap_y" was declared but never referenced
game.c(191): warning:  #177-D: variable "i" was declared but never referenced
game.c(192): warning:  #177-D: variable "j" was declared but never referenced
game.c(389): warning:  #111-D: statement is unreachable
compiling GLCD_SPI_LPC1700.c...
compiling LED.c...
compiling Retarget.c...
uart.h(25): warning:  #47-D: incompatible redefinition of macro "__RTGT_UART"
compiling RIT.c...
RIT.h(7): warning:  #1295-D: Deprecated declaration RIT_IRQHandler - give arg types
RIT.h(10): warning:  #1-D: last line of file ends without a newline
compiling RTX_Conf_CM.c...
compiling Serial.c...
compiling uart.c...
uart.h(25): warning:  #47-D: incompatible redefinition of macro "__RTGT_UART"
compiling system_LPC17xx.c...
linking...
Program Size: Code=11392 RO-data=6548 RW-data=4620 ZI-data=10492  
"brick_breaker.axf" - 0 Error(s), 13 Warning(s).
Load "N:\\2B\\MTE 241\\Brick_Breaker_New\\brick_breaker.AXF" 
Erase Done.
Programming Done.
Verify OK.
Rebuild target 'Target 1'
assembling startup_LPC17xx.s...
compiling ADC.c...
compiling button.c...
compiling game.c...
game.c(117): warning:  #177-D: variable "i" was declared but never referenced
game.c(161): warning:  #177-D: variable "k" was declared but never referenced
game.c(162): warning:  #177-D: variable "l" was declared but never referenced
game.c(163): warning:  #177-D: variable "bitmap_val" was declared but never referenced
game.c(164): warning:  #177-D: variable "bitmap_x" was declared but never referenced
game.c(165): warning:  #177-D: variable "bitmap_y" was declared but never referenced
game.c(191): warning:  #177-D: variable "i" was declared but never referenced
game.c(192): warning:  #177-D: variable "j" was declared but never referenced
game.c(390): warning:  #111-D: statement is unreachable
compiling GLCD_SPI_LPC1700.c...
compiling LED.c...
compiling Retarget.c...
uart.h(25): warning:  #47-D: incompatible redefinition of macro "__RTGT_UART"
compiling RIT.c...
RIT.h(7): warning:  #1295-D: Deprecated declaration RIT_IRQHandler - give arg types
RIT.h(10): warning:  #1-D: last line of file ends without a newline
compiling RTX_Conf_CM.c...
compiling Serial.c...
compiling uart.c...
uart.h(25): warning:  #47-D: incompatible redefinition of macro "__RTGT_UART"
compiling system_LPC17xx.c...
linking...
Program Size: Code=11408 RO-data=6548 RW-data=4620 ZI-data=10492  
"brick_breaker.axf" - 0 Error(s), 13 Warning(s).
Load "N:\\2B\\MTE 241\\Brick_Breaker_New\\brick_breaker.AXF" 
Erase Done.
Programming Done.
Verify OK.
Rebuild target 'Target 1'
assembling startup_LPC17xx.s...
compiling ADC.c...
compiling button.c...
compiling game.c...
game.c(117): warning:  #177-D: variable "i" was declared but never referenced
game.c(161): warning:  #177-D: variable "k" was declared but never referenced
game.c(162): warning:  #177-D: variable "l" was declared but never referenced
game.c(163): warning:  #177-D: variable "bitmap_val" was declared but never referenced
game.c(164): warning:  #177-D: variable "bitmap_x" was declared but never referenced
game.c(165): warning:  #177-D: variable "bitmap_y" was declared but never referenced
game.c(191): warning:  #177-D: variable "i" was declared but never referenced
game.c(192): warning:  #177-D: variable "j" was declared but never referenced
game.c(391): warning:  #111-D: statement is unreachable
compiling GLCD_SPI_LPC1700.c...
compiling LED.c...
compiling Retarget.c...
uart.h(25): warning:  #47-D: incompatible redefinition of macro "__RTGT_UART"
compiling RIT.c...
RIT.h(7): warning:  #1295-D: Deprecated declaration RIT_IRQHandler - give arg types
RIT.h(10): warning:  #1-D: last line of file ends without a newline
compiling RTX_Conf_CM.c...
compiling Serial.c...
compiling uart.c...
uart.h(25): warning:  #47-D: incompatible redefinition of macro "__RTGT_UART"
compiling system_LPC17xx.c...
linking...
Program Size: Code=11428 RO-data=6548 RW-data=4620 ZI-data=10492  
"brick_breaker.axf" - 0 Error(s), 13 Warning(s).
Load "N:\\2B\\MTE 241\\Brick_Breaker_New\\brick_breaker.AXF" 
Erase Done.
Programming Done.
Verify OK.
Load "N:\\2B\\MTE 241\\Brick_Breaker_New\\brick_breaker.AXF" 
Erase Done.
Programming Done.
Verify OK.
Rebuild target 'Target 1'
assembling startup_LPC17xx.s...
compiling ADC.c...
compiling button.c...
compiling game.c...
game.c(117): warning:  #177-D: variable "i" was declared but never referenced
game.c(161): warning:  #177-D: variable "k" was declared but never referenced
game.c(162): warning:  #177-D: variable "l" was declared but never referenced
game.c(163): warning:  #177-D: variable "bitmap_val" was declared but never referenced
game.c(164): warning:  #177-D: variable "bitmap_x" was declared but never referenced
game.c(165): warning:  #177-D: variable "bitmap_y" was declared but never referenced
game.c(191): warning:  #177-D: variable "i" was declared but never referenced
game.c(192): warning:  #177-D: variable "j" was declared but never referenced
game.c(391): warning:  #111-D: statement is unreachable
compiling GLCD_SPI_LPC1700.c...
compiling LED.c...
compiling Retarget.c...
uart.h(25): warning:  #47-D: incompatible redefinition of macro "__RTGT_UART"
compiling RIT.c...
RIT.h(7): warning:  #1295-D: Deprecated declaration RIT_IRQHandler - give arg types
RIT.h(10): warning:  #1-D: last line of file ends without a newline
compiling RTX_Conf_CM.c...
compiling Serial.c...
compiling uart.c...
uart.h(25): warning:  #47-D: incompatible redefinition of macro "__RTGT_UART"
compiling system_LPC17xx.c...
linking...
Program Size: Code=11432 RO-data=6548 RW-data=4620 ZI-data=10492  
"brick_breaker.axf" - 0 Error(s), 13 Warning(s).
Load "N:\\2B\\MTE 241\\Brick_Breaker_New\\brick_breaker.AXF" 
Erase Done.
Programming Done.
Verify OK.
Rebuild target 'Target 1'
assembling startup_LPC17xx.s...
compiling ADC.c...
compiling button.c...
compiling game.c...
game.c(117): warning:  #177-D: variable "i" was declared but never referenced
game.c(161): warning:  #177-D: variable "k" was declared but never referenced
game.c(162): warning:  #177-D: variable "l" was declared but never referenced
game.c(163): warning:  #177-D: variable "bitmap_val" was declared but never referenced
game.c(164): warning:  #177-D: variable "bitmap_x" was declared but never referenced
game.c(165): warning:  #177-D: variable "bitmap_y" was declared but never referenced
game.c(191): warning:  #177-D: variable "i" was declared but never referenced
game.c(192): warning:  #177-D: variable "j" was declared but never referenced
game.c(393): warning:  #111-D: statement is unreachable
compiling GLCD_SPI_LPC1700.c...
compiling LED.c...
compiling Retarget.c...
uart.h(25): warning:  #47-D: incompatible redefinition of macro "__RTGT_UART"
compiling RIT.c...
RIT.h(7): warning:  #1295-D: Deprecated declaration RIT_IRQHandler - give arg types
RIT.h(10): warning:  #1-D: last line of file ends without a newline
compiling RTX_Conf_CM.c...
compiling Serial.c...
compiling uart.c...
uart.h(25): warning:  #47-D: incompatible redefinition of macro "__RTGT_UART"
compiling system_LPC17xx.c...
linking...
Program Size: Code=11440 RO-data=6548 RW-data=4620 ZI-data=10492  
"brick_breaker.axf" - 0 Error(s), 13 Warning(s).
Load "N:\\2B\\MTE 241\\Brick_Breaker_New\\brick_breaker.AXF" 
Erase Done.
Programming Done.
Verify OK.
Rebuild target 'Target 1'
assembling startup_LPC17xx.s...
compiling ADC.c...
compiling button.c...
compiling game.c...
game.c(117): warning:  #177-D: variable "i" was declared but never referenced
game.c(161): warning:  #177-D: variable "k" was declared but never referenced
game.c(162): warning:  #177-D: variable "l" was declared but never referenced
game.c(163): warning:  #177-D: variable "bitmap_val" was declared but never referenced
game.c(164): warning:  #177-D: variable "bitmap_x" was declared but never referenced
game.c(165): warning:  #177-D: variable "bitmap_y" was declared but never referenced
game.c(191): warning:  #177-D: variable "i" was declared but never referenced
game.c(192): warning:  #177-D: variable "j" was declared but never referenced
game.c(393): warning:  #111-D: statement is unreachable
compiling GLCD_SPI_LPC1700.c...
compiling LED.c...
compiling Retarget.c...
uart.h(25): warning:  #47-D: incompatible redefinition of macro "__RTGT_UART"
compiling RIT.c...
RIT.h(7): warning:  #1295-D: Deprecated declaration RIT_IRQHandler - give arg types
RIT.h(10): warning:  #1-D: last line of file ends without a newline
compiling RTX_Conf_CM.c...
compiling Serial.c...
compiling uart.c...
uart.h(25): warning:  #47-D: incompatible redefinition of macro "__RTGT_UART"
compiling system_LPC17xx.c...
linking...
Program Size: Code=11512 RO-data=6548 RW-data=4620 ZI-data=10492  
"brick_breaker.axf" - 0 Error(s), 13 Warning(s).
Load "N:\\2B\\MTE 241\\Brick_Breaker_New\\brick_breaker.AXF" 
Erase Done.
Programming Done.
Verify OK.
Rebuild target 'Target 1'
assembling startup_LPC17xx.s...
compiling ADC.c...
compiling button.c...
compiling game.c...
game.c(117): warning:  #177-D: variable "i" was declared but never referenced
game.c(161): warning:  #177-D: variable "k" was declared but never referenced
game.c(162): warning:  #177-D: variable "l" was declared but never referenced
game.c(163): warning:  #177-D: variable "bitmap_val" was declared but never referenced
game.c(164): warning:  #177-D: variable "bitmap_x" was declared but never referenced
game.c(165): warning:  #177-D: variable "bitmap_y" was declared but never referenced
game.c(191): warning:  #177-D: variable "i" was declared but never referenced
game.c(192): warning:  #177-D: variable "j" was declared but never referenced
game.c(393): warning:  #111-D: statement is unreachable
compiling GLCD_SPI_LPC1700.c...
compiling LED.c...
compiling Retarget.c...
uart.h(25): warning:  #47-D: incompatible redefinition of macro "__RTGT_UART"
compiling RIT.c...
RIT.h(7): warning:  #1295-D: Deprecated declaration RIT_IRQHandler - give arg types
RIT.h(10): warning:  #1-D: last line of file ends without a newline
compiling RTX_Conf_CM.c...
compiling Serial.c...
compiling uart.c...
uart.h(25): warning:  #47-D: incompatible redefinition of macro "__RTGT_UART"
compiling system_LPC17xx.c...
linking...
Program Size: Code=11348 RO-data=6548 RW-data=4620 ZI-data=10492  
"brick_breaker.axf" - 0 Error(s), 13 Warning(s).
Load "N:\\2B\\MTE 241\\Brick_Breaker_New\\brick_breaker.AXF" 
Erase Done.
Programming Done.
Verify OK.
Rebuild target 'Target 1'
assembling startup_LPC17xx.s...
compiling ADC.c...
compiling button.c...
compiling game.c...
game.c(117): warning:  #177-D: variable "i" was declared but never referenced
game.c(161): warning:  #177-D: variable "k" was declared but never referenced
game.c(162): warning:  #177-D: variable "l" was declared but never referenced
game.c(163): warning:  #177-D: variable "bitmap_val" was declared but never referenced
game.c(164): warning:  #177-D: variable "bitmap_x" was declared but never referenced
game.c(165): warning:  #177-D: variable "bitmap_y" was declared but never referenced
game.c(191): warning:  #177-D: variable "i" was declared but never referenced
game.c(192): warning:  #177-D: variable "j" was declared but never referenced
game.c(389): warning:  #111-D: statement is unreachable
compiling GLCD_SPI_LPC1700.c...
compiling LED.c...
compiling Retarget.c...
uart.h(25): warning:  #47-D: incompatible redefinition of macro "__RTGT_UART"
compiling RIT.c...
RIT.h(7): warning:  #1295-D: Deprecated declaration RIT_IRQHandler - give arg types
RIT.h(10): warning:  #1-D: last line of file ends without a newline
compiling RTX_Conf_CM.c...
compiling Serial.c...
compiling uart.c...
uart.h(25): warning:  #47-D: incompatible redefinition of macro "__RTGT_UART"
compiling system_LPC17xx.c...
linking...
Program Size: Code=11380 RO-data=6548 RW-data=4620 ZI-data=10492  
"brick_breaker.axf" - 0 Error(s), 13 Warning(s).
Load "N:\\2B\\MTE 241\\Brick_Breaker_New\\brick_breaker.AXF" 
Erase Done.
Programming Done.
Verify OK.
Rebuild target 'Target 1'
assembling startup_LPC17xx.s...
compiling ADC.c...
compiling button.c...
compiling game.c...
game.c(113): warning:  #177-D: variable "i" was declared but never referenced
game.c(157): warning:  #177-D: variable "k" was declared but never referenced
game.c(158): warning:  #177-D: variable "l" was declared but never referenced
game.c(159): warning:  #177-D: variable "bitmap_val" was declared but never referenced
game.c(160): warning:  #177-D: variable "bitmap_x" was declared but never referenced
game.c(161): warning:  #177-D: variable "bitmap_y" was declared but never referenced
game.c(186): warning:  #177-D: variable "i" was declared but never referenced
game.c(187): warning:  #177-D: variable "j" was declared but never referenced
game.c(423): warning:  #111-D: statement is unreachable
compiling GLCD_SPI_LPC1700.c...
compiling LED.c...
compiling Retarget.c...
uart.h(25): warning:  #47-D: incompatible redefinition of macro "__RTGT_UART"
compiling RIT.c...
RIT.h(7): warning:  #1295-D: Deprecated declaration RIT_IRQHandler - give arg types
RIT.h(10): warning:  #1-D: last line of file ends without a newline
compiling RTX_Conf_CM.c...
compiling Serial.c...
compiling uart.c...
uart.h(25): warning:  #47-D: incompatible redefinition of macro "__RTGT_UART"
compiling system_LPC17xx.c...
linking...
Program Size: Code=11340 RO-data=6548 RW-data=4620 ZI-data=10492  
"brick_breaker.axf" - 0 Error(s), 13 Warning(s).
Load "N:\\2B\\MTE 241\\Brick_Breaker_New\\brick_breaker.AXF" 
Erase Done.
Programming Done.
Verify OK.
Rebuild target 'Target 1'
assembling startup_LPC17xx.s...
compiling ADC.c...
compiling button.c...
compiling game.c...
game.c(113): warning:  #177-D: variable "i" was declared but never referenced
game.c(157): warning:  #177-D: variable "k" was declared but never referenced
game.c(158): warning:  #177-D: variable "l" was declared but never referenced
game.c(159): warning:  #177-D: variable "bitmap_val" was declared but never referenced
game.c(160): warning:  #177-D: variable "bitmap_x" was declared but never referenced
game.c(161): warning:  #177-D: variable "bitmap_y" was declared but never referenced
game.c(186): warning:  #177-D: variable "i" was declared but never referenced
game.c(187): warning:  #177-D: variable "j" was declared but never referenced
game.c(431): warning:  #111-D: statement is unreachable
compiling GLCD_SPI_LPC1700.c...
compiling LED.c...
compiling Retarget.c...
uart.h(25): warning:  #47-D: incompatible redefinition of macro "__RTGT_UART"
compiling RIT.c...
RIT.h(7): warning:  #1295-D: Deprecated declaration RIT_IRQHandler - give arg types
RIT.h(10): warning:  #1-D: last line of file ends without a newline
compiling RTX_Conf_CM.c...
compiling Serial.c...
compiling uart.c...
uart.h(25): warning:  #47-D: incompatible redefinition of macro "__RTGT_UART"
compiling system_LPC17xx.c...
linking...
Program Size: Code=11456 RO-data=6548 RW-data=4620 ZI-data=10492  
"brick_breaker.axf" - 0 Error(s), 13 Warning(s).
Load "N:\\2B\\MTE 241\\Brick_Breaker_New\\brick_breaker.AXF" 
Erase Done.
Programming Done.
Verify OK.
Rebuild target 'Target 1'
assembling startup_LPC17xx.s...
compiling ADC.c...
compiling button.c...
compiling game.c...
game.c(114): warning:  #177-D: variable "i" was declared but never referenced
game.c(158): warning:  #177-D: variable "k" was declared but never referenced
game.c(159): warning:  #177-D: variable "l" was declared but never referenced
game.c(160): warning:  #177-D: variable "bitmap_val" was declared but never referenced
game.c(161): warning:  #177-D: variable "bitmap_x" was declared but never referenced
game.c(162): warning:  #177-D: variable "bitmap_y" was declared but never referenced
game.c(187): warning:  #177-D: variable "i" was declared but never referenced
game.c(188): warning:  #177-D: variable "j" was declared but never referenced
game.c(423): warning:  #223-D: function "LED_init" declared implicitly
game.c(445): warning:  #111-D: statement is unreachable
compiling GLCD_SPI_LPC1700.c...
compiling LED.c...
compiling Retarget.c...
uart.h(25): warning:  #47-D: incompatible redefinition of macro "__RTGT_UART"
compiling RIT.c...
RIT.h(7): warning:  #1295-D: Deprecated declaration RIT_IRQHandler - give arg types
RIT.h(10): warning:  #1-D: last line of file ends without a newline
compiling RTX_Conf_CM.c...
compiling Serial.c...
compiling uart.c...
uart.h(25): warning:  #47-D: incompatible redefinition of macro "__RTGT_UART"
compiling system_LPC17xx.c...
linking...
brick_breaker.axf: Error: L6218E: Undefined symbol LED_init (referred from game.o).
Target not created
Rebuild target 'Target 1'
assembling startup_LPC17xx.s...
compiling ADC.c...
compiling button.c...
compiling game.c...
game.c(114): warning:  #177-D: variable "i" was declared but never referenced
game.c(158): warning:  #177-D: variable "k" was declared but never referenced
game.c(159): warning:  #177-D: variable "l" was declared but never referenced
game.c(160): warning:  #177-D: variable "bitmap_val" was declared but never referenced
game.c(161): warning:  #177-D: variable "bitmap_x" was declared but never referenced
game.c(162): warning:  #177-D: variable "bitmap_y" was declared but never referenced
game.c(187): warning:  #177-D: variable "i" was declared but never referenced
game.c(188): warning:  #177-D: variable "j" was declared but never referenced
game.c(445): warning:  #111-D: statement is unreachable
compiling GLCD_SPI_LPC1700.c...
compiling LED.c...
compiling Retarget.c...
uart.h(25): warning:  #47-D: incompatible redefinition of macro "__RTGT_UART"
compiling RIT.c...
RIT.h(7): warning:  #1295-D: Deprecated declaration RIT_IRQHandler - give arg types
RIT.h(10): warning:  #1-D: last line of file ends without a newline
compiling RTX_Conf_CM.c...
compiling Serial.c...
compiling uart.c...
uart.h(25): warning:  #47-D: incompatible redefinition of macro "__RTGT_UART"
compiling system_LPC17xx.c...
linking...
Program Size: Code=11700 RO-data=6580 RW-data=4620 ZI-data=10492  
"brick_breaker.axf" - 0 Error(s), 13 Warning(s).
Load "N:\\2B\\MTE 241\\Brick_Breaker_New\\brick_breaker.AXF" 
Erase Done.
Programming Done.
Verify OK.
Rebuild target 'Target 1'
assembling startup_LPC17xx.s...
compiling ADC.c...
compiling button.c...
compiling game.c...
game.c(114): warning:  #177-D: variable "i" was declared but never referenced
game.c(158): warning:  #177-D: variable "k" was declared but never referenced
game.c(159): warning:  #177-D: variable "l" was declared but never referenced
game.c(160): warning:  #177-D: variable "bitmap_val" was declared but never referenced
game.c(161): warning:  #177-D: variable "bitmap_x" was declared but never referenced
game.c(162): warning:  #177-D: variable "bitmap_y" was declared but never referenced
game.c(187): warning:  #177-D: variable "i" was declared but never referenced
game.c(188): warning:  #177-D: variable "j" was declared but never referenced
game.c(403): warning:  #111-D: statement is unreachable
compiling GLCD_SPI_LPC1700.c...
compiling LED.c...
compiling Retarget.c...
uart.h(25): warning:  #47-D: incompatible redefinition of macro "__RTGT_UART"
compiling RIT.c...
RIT.h(7): warning:  #1295-D: Deprecated declaration RIT_IRQHandler - give arg types
RIT.h(10): warning:  #1-D: last line of file ends without a newline
compiling RTX_Conf_CM.c...
compiling Serial.c...
compiling uart.c...
uart.h(25): warning:  #47-D: incompatible redefinition of macro "__RTGT_UART"
compiling system_LPC17xx.c...
linking...
Program Size: Code=11720 RO-data=6580 RW-data=4620 ZI-data=10492  
"brick_breaker.axf" - 0 Error(s), 13 Warning(s).
Rebuild target 'Target 1'
assembling startup_LPC17xx.s...
compiling ADC.c...
compiling button.c...
compiling game.c...
game.c(114): warning:  #177-D: variable "i" was declared but never referenced
game.c(158): warning:  #177-D: variable "k" was declared but never referenced
game.c(159): warning:  #177-D: variable "l" was declared but never referenced
game.c(160): warning:  #177-D: variable "bitmap_val" was declared but never referenced
game.c(161): warning:  #177-D: variable "bitmap_x" was declared but never referenced
game.c(162): warning:  #177-D: variable "bitmap_y" was declared but never referenced
game.c(187): warning:  #177-D: variable "i" was declared but never referenced
game.c(188): warning:  #177-D: variable "j" was declared but never referenced
game.c(403): warning:  #111-D: statement is unreachable
compiling GLCD_SPI_LPC1700.c...
compiling LED.c...
compiling Retarget.c...
uart.h(25): warning:  #47-D: incompatible redefinition of macro "__RTGT_UART"
compiling RIT.c...
RIT.h(7): warning:  #1295-D: Deprecated declaration RIT_IRQHandler - give arg types
RIT.h(10): warning:  #1-D: last line of file ends without a newline
compiling RTX_Conf_CM.c...
compiling Serial.c...
compiling uart.c...
uart.h(25): warning:  #47-D: incompatible redefinition of macro "__RTGT_UART"
compiling system_LPC17xx.c...
linking...
Program Size: Code=11720 RO-data=6580 RW-data=4620 ZI-data=10492  
"brick_breaker.axf" - 0 Error(s), 13 Warning(s).
Load "N:\\2B\\MTE 241\\Brick_Breaker_New\\brick_breaker.AXF" 
Erase Done.
Programming Done.
Verify OK.
Rebuild target 'Target 1'
assembling startup_LPC17xx.s...
compiling ADC.c...
compiling button.c...
compiling game.c...
game.c(114): warning:  #177-D: variable "i" was declared but never referenced
game.c(158): warning:  #177-D: variable "k" was declared but never referenced
game.c(159): warning:  #177-D: variable "l" was declared but never referenced
game.c(160): warning:  #177-D: variable "bitmap_val" was declared but never referenced
game.c(161): warning:  #177-D: variable "bitmap_x" was declared but never referenced
game.c(162): warning:  #177-D: variable "bitmap_y" was declared but never referenced
game.c(187): warning:  #177-D: variable "i" was declared but never referenced
game.c(188): warning:  #177-D: variable "j" was declared but never referenced
game.c(252): error:  #77-D: this declaration has no storage class or type specifier
game.c(252): error:  #147: declaration is incompatible with "uint8_t button_done" (declared at line 4 of "button.h")
game.c(253): error:  #77-D: this declaration has no storage class or type specifier
game.c(253): error:  #147: declaration is incompatible with "ball_t ball" (declared at line 22)
game.c(253): error:  #65: expected a ";"
game.c(254): error:  #77-D: this declaration has no storage class or type specifier
game.c(254): error:  #65: expected a ";"
game.c(255): error:  #77-D: this declaration has no storage class or type specifier
game.c(255): error:  #65: expected a ";"
game.c(256): error:  #77-D: this declaration has no storage class or type specifier
game.c(256): error:  #65: expected a ";"
game.c(257): error:  #77-D: this declaration has no storage class or type specifier
game.c(257): error:  #65: expected a ";"
game.c(258): error:  #169: expected a declaration
game.c(325): warning:  #12-D: parsing restarts here after previous syntax error
game.c(327): error:  #169: expected a declaration
game.c(340): warning:  #12-D: parsing restarts here after previous syntax error
game.c(343): error:  #77-D: this declaration has no storage class or type specifier
game.c(343): error:  #65: expected a ";"
game.c(344): error:  #77-D: this declaration has no storage class or type specifier
game.c(344): error:  #65: expected a ";"
game.c(345): error:  #77-D: this declaration has no storage class or type specifier
game.c(345): error:  #65: expected a ";"
game.c(346): error:  #169: expected a declaration
game.c(356): warning:  #12-D: parsing restarts here after previous syntax error
game.c(358): error:  #169: expected a declaration
game.c(363): warning:  #12-D: parsing restarts here after previous syntax error
game.c(365): error:  #169: expected a declaration
game.c(394): warning:  #12-D: parsing restarts here after previous syntax error
game.c(395): warning:  #1295-D: Deprecated declaration bricks_init - give arg types
game.c(395): warning:  #77-D: this declaration has no storage class or type specifier
game.c(395): error:  #147: declaration is incompatible with "void bricks_init()" (declared at line 155)
game.c(396): warning:  #1295-D: Deprecated declaration wait_for_button - give arg types
game.c(396): warning:  #77-D: this declaration has no storage class or type specifier
game.c(396): error:  #147: declaration is incompatible with "void wait_for_button()" (declared at line 242)
game.c(397): error:  #169: expected a declaration
game.c(403): warning:  #12-D: parsing restarts here after previous syntax error
game.c(404): error:  #169: expected a declaration
game.c(412): warning: At end of source:  #12-D: parsing restarts here after previous syntax error
compiling GLCD_SPI_LPC1700.c...
compiling LED.c...
compiling Retarget.c...
uart.h(25): warning:  #47-D: incompatible redefinition of macro "__RTGT_UART"
compiling RIT.c...
RIT.h(7): warning:  #1295-D: Deprecated declaration RIT_IRQHandler - give arg types
RIT.h(10): warning:  #1-D: last line of file ends without a newline
compiling RTX_Conf_CM.c...
compiling Serial.c...
compiling uart.c...
uart.h(25): warning:  #47-D: incompatible redefinition of macro "__RTGT_UART"
compiling system_LPC17xx.c...
Target not created
Rebuild target 'Target 1'
assembling startup_LPC17xx.s...
compiling ADC.c...
compiling button.c...
compiling game.c...
game.c(114): warning:  #177-D: variable "i" was declared but never referenced
game.c(158): warning:  #177-D: variable "k" was declared but never referenced
game.c(159): warning:  #177-D: variable "l" was declared but never referenced
game.c(160): warning:  #177-D: variable "bitmap_val" was declared but never referenced
game.c(161): warning:  #177-D: variable "bitmap_x" was declared but never referenced
game.c(162): warning:  #177-D: variable "bitmap_y" was declared but never referenced
game.c(187): warning:  #177-D: variable "i" was declared but never referenced
game.c(188): warning:  #177-D: variable "j" was declared but never referenced
game.c(373): error:  #268: declaration may not appear after executable statement in block
game.c(373): error:  #67: expected a "}"
compiling GLCD_SPI_LPC1700.c...
compiling LED.c...
compiling Retarget.c...
uart.h(25): warning:  #47-D: incompatible redefinition of macro "__RTGT_UART"
compiling RIT.c...
RIT.h(7): warning:  #1295-D: Deprecated declaration RIT_IRQHandler - give arg types
RIT.h(10): warning:  #1-D: last line of file ends without a newline
compiling RTX_Conf_CM.c...
compiling Serial.c...
compiling uart.c...
uart.h(25): warning:  #47-D: incompatible redefinition of macro "__RTGT_UART"
compiling system_LPC17xx.c...
Target not created
Rebuild target 'Target 1'
assembling startup_LPC17xx.s...
compiling ADC.c...
compiling button.c...
compiling game.c...
game.c(114): warning:  #177-D: variable "i" was declared but never referenced
game.c(158): warning:  #177-D: variable "k" was declared but never referenced
game.c(159): warning:  #177-D: variable "l" was declared but never referenced
game.c(160): warning:  #177-D: variable "bitmap_val" was declared but never referenced
game.c(161): warning:  #177-D: variable "bitmap_x" was declared but never referenced
game.c(162): warning:  #177-D: variable "bitmap_y" was declared but never referenced
game.c(187): warning:  #177-D: variable "i" was declared but never referenced
game.c(188): warning:  #177-D: variable "j" was declared but never referenced
compiling GLCD_SPI_LPC1700.c...
compiling LED.c...
compiling Retarget.c...
uart.h(25): warning:  #47-D: incompatible redefinition of macro "__RTGT_UART"
compiling RIT.c...
RIT.h(7): warning:  #1295-D: Deprecated declaration RIT_IRQHandler - give arg types
RIT.h(10): warning:  #1-D: last line of file ends without a newline
compiling RTX_Conf_CM.c...
compiling Serial.c...
compiling uart.c...
uart.h(25): warning:  #47-D: incompatible redefinition of macro "__RTGT_UART"
compiling system_LPC17xx.c...
linking...
Program Size: Code=11720 RO-data=6580 RW-data=4620 ZI-data=10492  
"brick_breaker.axf" - 0 Error(s), 12 Warning(s).
Load "N:\\2B\\MTE 241\\Brick_Breaker_New\\brick_breaker.AXF" 
Erase Done.
Programming Done.
Verify OK.
Rebuild target 'Target 1'
assembling startup_LPC17xx.s...
compiling ADC.c...
compiling button.c...
compiling game.c...
game.c(114): warning:  #177-D: variable "i" was declared but never referenced
game.c(158): warning:  #177-D: variable "k" was declared but never referenced
game.c(159): warning:  #177-D: variable "l" was declared but never referenced
game.c(160): warning:  #177-D: variable "bitmap_val" was declared but never referenced
game.c(161): warning:  #177-D: variable "bitmap_x" was declared but never referenced
game.c(162): warning:  #177-D: variable "bitmap_y" was declared but never referenced
game.c(187): warning:  #177-D: variable "i" was declared but never referenced
game.c(188): warning:  #177-D: variable "j" was declared but never referenced
compiling GLCD_SPI_LPC1700.c...
compiling LED.c...
compiling Retarget.c...
uart.h(25): warning:  #47-D: incompatible redefinition of macro "__RTGT_UART"
compiling RIT.c...
RIT.h(7): warning:  #1295-D: Deprecated declaration RIT_IRQHandler - give arg types
RIT.h(10): warning:  #1-D: last line of file ends without a newline
compiling RTX_Conf_CM.c...
compiling Serial.c...
compiling uart.c...
uart.h(25): warning:  #47-D: incompatible redefinition of macro "__RTGT_UART"
compiling system_LPC17xx.c...
linking...
Program Size: Code=11716 RO-data=6580 RW-data=4620 ZI-data=10492  
"brick_breaker.axf" - 0 Error(s), 12 Warning(s).
Load "N:\\2B\\MTE 241\\Brick_Breaker_New\\brick_breaker.AXF" 
Erase Done.
Programming Done.
Verify OK.
Rebuild target 'Target 1'
assembling startup_LPC17xx.s...
compiling ADC.c...
compiling button.c...
compiling game.c...
game.c(114): warning:  #177-D: variable "i" was declared but never referenced
game.c(158): warning:  #177-D: variable "k" was declared but never referenced
game.c(159): warning:  #177-D: variable "l" was declared but never referenced
game.c(160): warning:  #177-D: variable "bitmap_val" was declared but never referenced
game.c(161): warning:  #177-D: variable "bitmap_x" was declared but never referenced
game.c(162): warning:  #177-D: variable "bitmap_y" was declared but never referenced
game.c(187): warning:  #177-D: variable "i" was declared but never referenced
game.c(188): warning:  #177-D: variable "j" was declared but never referenced
compiling GLCD_SPI_LPC1700.c...
compiling LED.c...
compiling Retarget.c...
uart.h(25): warning:  #47-D: incompatible redefinition of macro "__RTGT_UART"
compiling RIT.c...
RIT.h(7): warning:  #1295-D: Deprecated declaration RIT_IRQHandler - give arg types
RIT.h(10): warning:  #1-D: last line of file ends without a newline
compiling RTX_Conf_CM.c...
compiling Serial.c...
compiling uart.c...
uart.h(25): warning:  #47-D: incompatible redefinition of macro "__RTGT_UART"
compiling system_LPC17xx.c...
linking...
Program Size: Code=11700 RO-data=6580 RW-data=4620 ZI-data=10492  
"brick_breaker.axf" - 0 Error(s), 12 Warning(s).
Load "N:\\2B\\MTE 241\\Brick_Breaker_New\\brick_breaker.AXF" 
Erase Done.
Programming Done.
Verify OK.
Rebuild target 'Target 1'
assembling startup_LPC17xx.s...
compiling ADC.c...
compiling button.c...
compiling game.c...
game.c(114): warning:  #177-D: variable "i" was declared but never referenced
game.c(158): warning:  #177-D: variable "k" was declared but never referenced
game.c(159): warning:  #177-D: variable "l" was declared but never referenced
game.c(160): warning:  #177-D: variable "bitmap_val" was declared but never referenced
game.c(161): warning:  #177-D: variable "bitmap_x" was declared but never referenced
game.c(162): warning:  #177-D: variable "bitmap_y" was declared but never referenced
game.c(187): warning:  #177-D: variable "i" was declared but never referenced
game.c(188): warning:  #177-D: variable "j" was declared but never referenced
compiling GLCD_SPI_LPC1700.c...
compiling LED.c...
compiling Retarget.c...
uart.h(25): warning:  #47-D: incompatible redefinition of macro "__RTGT_UART"
compiling RIT.c...
RIT.h(7): warning:  #1295-D: Deprecated declaration RIT_IRQHandler - give arg types
RIT.h(10): warning:  #1-D: last line of file ends without a newline
compiling RTX_Conf_CM.c...
compiling Serial.c...
compiling uart.c...
uart.h(25): warning:  #47-D: incompatible redefinition of macro "__RTGT_UART"
compiling system_LPC17xx.c...
linking...
Program Size: Code=11704 RO-data=6580 RW-data=4620 ZI-data=10492  
"brick_breaker.axf" - 0 Error(s), 12 Warning(s).
Rebuild target 'Target 1'
assembling startup_LPC17xx.s...
compiling ADC.c...
compiling button.c...
compiling game.c...
game.c(116): warning:  #177-D: variable "i" was declared but never referenced
game.c(160): warning:  #177-D: variable "k" was declared but never referenced
game.c(161): warning:  #177-D: variable "l" was declared but never referenced
game.c(162): warning:  #177-D: variable "bitmap_val" was declared but never referenced
game.c(163): warning:  #177-D: variable "bitmap_x" was declared but never referenced
game.c(164): warning:  #177-D: variable "bitmap_y" was declared but never referenced
game.c(189): warning:  #177-D: variable "i" was declared but never referenced
game.c(190): warning:  #177-D: variable "j" was declared but never referenced
game.c(388): error:  #20: identifier "BRICK_X" is undefined
game.c(388): error:  #20: identifier "BRICK_Y" is undefined
compiling GLCD_SPI_LPC1700.c...
compiling LED.c...
compiling Retarget.c...
uart.h(25): warning:  #47-D: incompatible redefinition of macro "__RTGT_UART"
compiling RIT.c...
RIT.h(7): warning:  #1295-D: Deprecated declaration RIT_IRQHandler - give arg types
RIT.h(10): warning:  #1-D: last line of file ends without a newline
compiling RTX_Conf_CM.c...
compiling Serial.c...
compiling uart.c...
uart.h(25): warning:  #47-D: incompatible redefinition of macro "__RTGT_UART"
compiling system_LPC17xx.c...
Target not created
Rebuild target 'Target 1'
assembling startup_LPC17xx.s...
compiling ADC.c...
compiling button.c...
compiling game.c...
game.c(116): warning:  #177-D: variable "i" was declared but never referenced
game.c(160): warning:  #177-D: variable "k" was declared but never referenced
game.c(161): warning:  #177-D: variable "l" was declared but never referenced
game.c(162): warning:  #177-D: variable "bitmap_val" was declared but never referenced
game.c(163): warning:  #177-D: variable "bitmap_x" was declared but never referenced
game.c(164): warning:  #177-D: variable "bitmap_y" was declared but never referenced
game.c(189): warning:  #177-D: variable "i" was declared but never referenced
game.c(190): warning:  #177-D: variable "j" was declared but never referenced
compiling GLCD_SPI_LPC1700.c...
compiling LED.c...
compiling Retarget.c...
uart.h(25): warning:  #47-D: incompatible redefinition of macro "__RTGT_UART"
compiling RIT.c...
RIT.h(7): warning:  #1295-D: Deprecated declaration RIT_IRQHandler - give arg types
RIT.h(10): warning:  #1-D: last line of file ends without a newline
compiling RTX_Conf_CM.c...
compiling Serial.c...
compiling uart.c...
uart.h(25): warning:  #47-D: incompatible redefinition of macro "__RTGT_UART"
compiling system_LPC17xx.c...
linking...
Program Size: Code=11772 RO-data=6580 RW-data=4628 ZI-data=10492  
"brick_breaker.axf" - 0 Error(s), 12 Warning(s).
Load "N:\\2B\\MTE 241\\Brick_Breaker_New\\brick_breaker.AXF" 
Erase Done.
Programming Done.
Verify OK.
Rebuild target 'Target 1'
assembling startup_LPC17xx.s...
compiling ADC.c...
compiling button.c...
compiling game.c...
game.h(54): error:  #20: identifier "BRICKS_X_MAX" is undefined
game.h(54): error:  #20: identifier "BRICKS_Y_MAX" is undefined
game.h(54): error:  #101: "bitmap" has already been declared in the current scope
game.h(55): error:  #101: "bitmap_mask" has already been declared in the current scope
game.c(116): warning:  #177-D: variable "i" was declared but never referenced
game.c(159): warning:  #177-D: variable "bitmap_y" was declared but never referenced
game.c(194): warning:  #177-D: variable "i" was declared but never referenced
game.c(195): warning:  #177-D: variable "j" was declared but never referenced
compiling GLCD_SPI_LPC1700.c...
compiling LED.c...
compiling Retarget.c...
uart.h(25): warning:  #47-D: incompatible redefinition of macro "__RTGT_UART"
compiling RIT.c...
RIT.h(7): warning:  #1295-D: Deprecated declaration RIT_IRQHandler - give arg types
RIT.h(10): warning:  #1-D: last line of file ends without a newline
compiling RTX_Conf_CM.c...
compiling Serial.c...
compiling uart.c...
uart.h(25): warning:  #47-D: incompatible redefinition of macro "__RTGT_UART"
compiling system_LPC17xx.c...
Target not created
Rebuild target 'Target 1'
assembling startup_LPC17xx.s...
compiling ADC.c...
compiling button.c...
compiling game.c...
game.c(116): warning:  #177-D: variable "i" was declared but never referenced
game.c(159): warning:  #177-D: variable "bitmap_y" was declared but never referenced
game.c(193): warning:  #177-D: variable "i" was declared but never referenced
game.c(194): warning:  #177-D: variable "j" was declared but never referenced
compiling GLCD_SPI_LPC1700.c...
compiling LED.c...
compiling Retarget.c...
uart.h(25): warning:  #47-D: incompatible redefinition of macro "__RTGT_UART"
compiling RIT.c...
RIT.h(7): warning:  #1295-D: Deprecated declaration RIT_IRQHandler - give arg types
RIT.h(10): warning:  #1-D: last line of file ends without a newline
compiling RTX_Conf_CM.c...
compiling Serial.c...
compiling uart.c...
uart.h(25): warning:  #47-D: incompatible redefinition of macro "__RTGT_UART"
compiling system_LPC17xx.c...
linking...
brick_breaker.axf: Error: L6406E: No space in execution regions with .ANY selector matching game.o(.bss).
brick_breaker.axf: Error: L6407E: Sections of aggregate size 0xcc08 bytes could not fit into .ANY selector(s).
Target not created
Rebuild target 'Target 1'
assembling startup_LPC17xx.s...
compiling ADC.c...
compiling button.c...
compiling game.c...
game.c(51): error:  #146: too many initializer values
game.c(72): error:  #146: too many initializer values
game.c(116): warning:  #177-D: variable "i" was declared but never referenced
game.c(159): warning:  #177-D: variable "bitmap_y" was declared but never referenced
game.c(193): warning:  #177-D: variable "i" was declared but never referenced
game.c(194): warning:  #177-D: variable "j" was declared but never referenced
compiling GLCD_SPI_LPC1700.c...
compiling LED.c...
compiling Retarget.c...
uart.h(25): warning:  #47-D: incompatible redefinition of macro "__RTGT_UART"
compiling RIT.c...
RIT.h(7): warning:  #1295-D: Deprecated declaration RIT_IRQHandler - give arg types
RIT.h(10): warning:  #1-D: last line of file ends without a newline
compiling RTX_Conf_CM.c...
compiling Serial.c...
compiling uart.c...
uart.h(25): warning:  #47-D: incompatible redefinition of macro "__RTGT_UART"
compiling system_LPC17xx.c...
Target not created
Load "N:\\2B\\MTE 241\\Brick_Breaker_New\\brick_breaker.AXF" 
_____^
*** error 56: cannot open file
Rebuild target 'Target 1'
assembling startup_LPC17xx.s...
compiling ADC.c...
compiling button.c...
compiling game.c...
game.c(118): warning:  #177-D: variable "i" was declared but never referenced
game.c(179): error:  #20: identifier "bricks_bitmap" is undefined
game.c(161): warning:  #177-D: variable "bitmap_y" was declared but never referenced
game.c(195): warning:  #177-D: variable "i" was declared but never referenced
game.c(196): warning:  #177-D: variable "j" was declared but never referenced
game.c(314): error:  #20: identifier "bricks_bitmap_mask" is undefined
compiling GLCD_SPI_LPC1700.c...
compiling LED.c...
compiling Retarget.c...
uart.h(25): warning:  #47-D: incompatible redefinition of macro "__RTGT_UART"
compiling RIT.c...
RIT.h(7): warning:  #1295-D: Deprecated declaration RIT_IRQHandler - give arg types
RIT.h(10): warning:  #1-D: last line of file ends without a newline
compiling RTX_Conf_CM.c...
compiling Serial.c...
compiling uart.c...
uart.h(25): warning:  #47-D: incompatible redefinition of macro "__RTGT_UART"
compiling system_LPC17xx.c...
Target not created
Rebuild target 'Target 1'
assembling startup_LPC17xx.s...
compiling ADC.c...
compiling button.c...
compiling game.c...
game.c(118): warning:  #177-D: variable "i" was declared but never referenced
game.c(179): error:  #134: expected a field name
game.c(179): error:  #154: expression must have struct or union type
game.c(161): warning:  #177-D: variable "bitmap_y" was declared but never referenced
game.c(195): warning:  #177-D: variable "i" was declared but never referenced
game.c(196): warning:  #177-D: variable "j" was declared but never referenced
game.c(314): error:  #20: identifier "bricks_bitmap_mask" is undefined
compiling GLCD_SPI_LPC1700.c...
compiling LED.c...
compiling Retarget.c...
uart.h(25): warning:  #47-D: incompatible redefinition of macro "__RTGT_UART"
compiling RIT.c...
RIT.h(7): warning:  #1295-D: Deprecated declaration RIT_IRQHandler - give arg types
RIT.h(10): warning:  #1-D: last line of file ends without a newline
compiling RTX_Conf_CM.c...
compiling Serial.c...
compiling uart.c...
uart.h(25): warning:  #47-D: incompatible redefinition of macro "__RTGT_UART"
compiling system_LPC17xx.c...
Target not created
Rebuild target 'Target 1'
assembling startup_LPC17xx.s...
compiling ADC.c...
compiling button.c...
compiling game.c...
game.c(118): warning:  #177-D: variable "i" was declared but never referenced
game.c(179): error:  #134: expected a field name
game.c(179): error:  #154: expression must have struct or union type
game.c(161): warning:  #177-D: variable "bitmap_y" was declared but never referenced
game.c(195): warning:  #177-D: variable "i" was declared but never referenced
game.c(196): warning:  #177-D: variable "j" was declared but never referenced
game.c(314): error:  #20: identifier "bricks_bitmap_mask" is undefined
compiling GLCD_SPI_LPC1700.c...
compiling LED.c...
compiling Retarget.c...
uart.h(25): warning:  #47-D: incompatible redefinition of macro "__RTGT_UART"
compiling RIT.c...
RIT.h(7): warning:  #1295-D: Deprecated declaration RIT_IRQHandler - give arg types
RIT.h(10): warning:  #1-D: last line of file ends without a newline
compiling RTX_Conf_CM.c...
compiling Serial.c...
compiling uart.c...
uart.h(25): warning:  #47-D: incompatible redefinition of macro "__RTGT_UART"
compiling system_LPC17xx.c...
Target not created
Rebuild target 'Target 1'
assembling startup_LPC17xx.s...
compiling ADC.c...
compiling button.c...
compiling game.c...
game.c(118): warning:  #177-D: variable "i" was declared but never referenced
game.c(179): error:  #134: expected a field name
game.c(179): error:  #154: expression must have struct or union type
game.c(161): warning:  #177-D: variable "bitmap_y" was declared but never referenced
game.c(195): warning:  #177-D: variable "i" was declared but never referenced
game.c(196): warning:  #177-D: variable "j" was declared but never referenced
game.c(314): error:  #20: identifier "bricks_bitmap_mask" is undefined
compiling GLCD_SPI_LPC1700.c...
compiling LED.c...
compiling Retarget.c...
uart.h(25): warning:  #47-D: incompatible redefinition of macro "__RTGT_UART"
compiling RIT.c...
RIT.h(7): warning:  #1295-D: Deprecated declaration RIT_IRQHandler - give arg types
RIT.h(10): warning:  #1-D: last line of file ends without a newline
compiling RTX_Conf_CM.c...
compiling Serial.c...
compiling uart.c...
uart.h(25): warning:  #47-D: incompatible redefinition of macro "__RTGT_UART"
compiling system_LPC17xx.c...
Target not created
Rebuild target 'Target 1'
assembling startup_LPC17xx.s...
compiling ADC.c...
compiling button.c...
compiling game.c...
game.c(118): warning:  #177-D: variable "i" was declared but never referenced
game.c(161): warning:  #177-D: variable "bitmap_y" was declared but never referenced
game.c(195): warning:  #177-D: variable "i" was declared but never referenced
game.c(196): warning:  #177-D: variable "j" was declared but never referenced
game.c(314): error:  #20: identifier "bricks_bitmap_mask" is undefined
compiling GLCD_SPI_LPC1700.c...
compiling LED.c...
compiling Retarget.c...
uart.h(25): warning:  #47-D: incompatible redefinition of macro "__RTGT_UART"
compiling RIT.c...
RIT.h(7): warning:  #1295-D: Deprecated declaration RIT_IRQHandler - give arg types
RIT.h(10): warning:  #1-D: last line of file ends without a newline
compiling RTX_Conf_CM.c...
compiling Serial.c...
compiling uart.c...
uart.h(25): warning:  #47-D: incompatible redefinition of macro "__RTGT_UART"
compiling system_LPC17xx.c...
Target not created
Rebuild target 'Target 1'
assembling startup_LPC17xx.s...
compiling ADC.c...
compiling button.c...
compiling game.c...
game.c(118): warning:  #177-D: variable "i" was declared but never referenced
game.c(161): warning:  #177-D: variable "bitmap_y" was declared but never referenced
game.c(195): warning:  #177-D: variable "i" was declared but never referenced
game.c(196): warning:  #177-D: variable "j" was declared but never referenced
compiling GLCD_SPI_LPC1700.c...
compiling LED.c...
compiling Retarget.c...
uart.h(25): warning:  #47-D: incompatible redefinition of macro "__RTGT_UART"
compiling RIT.c...
RIT.h(7): warning:  #1295-D: Deprecated declaration RIT_IRQHandler - give arg types
RIT.h(10): warning:  #1-D: last line of file ends without a newline
compiling RTX_Conf_CM.c...
compiling Serial.c...
compiling uart.c...
uart.h(25): warning:  #47-D: incompatible redefinition of macro "__RTGT_UART"
compiling system_LPC17xx.c...
linking...
brick_breaker.axf: Error: L6406E: No space in execution regions with .ANY selector matching game.o(.bss).
brick_breaker.axf: Error: L6407E: Sections of aggregate size 0xa688 bytes could not fit into .ANY selector(s).
Target not created
Rebuild target 'Target 1'
assembling startup_LPC17xx.s...
compiling ADC.c...
compiling button.c...
compiling game.c...
game.c(118): warning:  #177-D: variable "i" was declared but never referenced
game.c(161): warning:  #177-D: variable "bitmap_y" was declared but never referenced
game.c(195): warning:  #177-D: variable "i" was declared but never referenced
game.c(196): warning:  #177-D: variable "j" was declared but never referenced
compiling GLCD_SPI_LPC1700.c...
compiling LED.c...
compiling Retarget.c...
uart.h(25): warning:  #47-D: incompatible redefinition of macro "__RTGT_UART"
compiling RIT.c...
RIT.h(7): warning:  #1295-D: Deprecated declaration RIT_IRQHandler - give arg types
RIT.h(10): warning:  #1-D: last line of file ends without a newline
compiling RTX_Conf_CM.c...
compiling Serial.c...
compiling uart.c...
uart.h(25): warning:  #47-D: incompatible redefinition of macro "__RTGT_UART"
compiling system_LPC17xx.c...
linking...
Program Size: Code=12016 RO-data=6580 RW-data=628 ZI-data=24796  
"brick_breaker.axf" - 0 Error(s), 8 Warning(s).
Load "N:\\2B\\MTE 241\\Brick_Breaker_New\\brick_breaker.AXF" 
Erase Done.
Programming Done.
Verify OK.
Rebuild target 'Target 1'
assembling startup_LPC17xx.s...
compiling ADC.c...
compiling button.c...
compiling game.c...
game.c(41): error:  #146: too many initializer values
game.c(62): error:  #146: too many initializer values
game.c(116): warning:  #177-D: variable "i" was declared but never referenced
game.c(155): warning:  #177-D: variable "k" was declared but never referenced
game.c(156): warning:  #177-D: variable "l" was declared but never referenced
game.c(157): warning:  #177-D: variable "bitmap_val" was declared but never referenced
game.c(158): warning:  #177-D: variable "bitmap_x" was declared but never referenced
game.c(159): warning:  #177-D: variable "bitmap_y" was declared but never referenced
game.c(184): warning:  #177-D: variable "i" was declared but never referenced
game.c(185): warning:  #177-D: variable "j" was declared but never referenced
compiling GLCD_SPI_LPC1700.c...
compiling LED.c...
compiling Retarget.c...
uart.h(25): warning:  #47-D: incompatible redefinition of macro "__RTGT_UART"
compiling RIT.c...
RIT.h(7): warning:  #1295-D: Deprecated declaration RIT_IRQHandler - give arg types
RIT.h(10): warning:  #1-D: last line of file ends without a newline
compiling RTX_Conf_CM.c...
compiling Serial.c...
compiling uart.c...
uart.h(25): warning:  #47-D: incompatible redefinition of macro "__RTGT_UART"
compiling system_LPC17xx.c...
Target not created
Load "N:\\2B\\MTE 241\\Brick_Breaker_New\\brick_breaker.AXF" 
_____^
*** error 56: cannot open file
Rebuild target 'Target 1'
assembling startup_LPC17xx.s...
compiling ADC.c...
compiling button.c...
compiling game.c...
game.c(116): warning:  #177-D: variable "i" was declared but never referenced
game.c(155): warning:  #177-D: variable "k" was declared but never referenced
game.c(156): warning:  #177-D: variable "l" was declared but never referenced
game.c(157): warning:  #177-D: variable "bitmap_val" was declared but never referenced
game.c(158): warning:  #177-D: variable "bitmap_x" was declared but never referenced
game.c(159): warning:  #177-D: variable "bitmap_y" was declared but never referenced
game.c(184): warning:  #177-D: variable "i" was declared but never referenced
game.c(185): warning:  #177-D: variable "j" was declared but never referenced
compiling GLCD_SPI_LPC1700.c...
compiling LED.c...
compiling Retarget.c...
uart.h(25): warning:  #47-D: incompatible redefinition of macro "__RTGT_UART"
compiling RIT.c...
RIT.h(7): warning:  #1295-D: Deprecated declaration RIT_IRQHandler - give arg types
RIT.h(10): warning:  #1-D: last line of file ends without a newline
compiling RTX_Conf_CM.c...
compiling Serial.c...
compiling uart.c...
uart.h(25): warning:  #47-D: incompatible redefinition of macro "__RTGT_UART"
compiling system_LPC17xx.c...
linking...
Program Size: Code=11772 RO-data=6580 RW-data=7028 ZI-data=10492  
"brick_breaker.axf" - 0 Error(s), 12 Warning(s).
Load "N:\\2B\\MTE 241\\Brick_Breaker_New\\brick_breaker.AXF" 
Erase Done.
Programming Done.
Verify OK.
Rebuild target 'Target 1'
assembling startup_LPC17xx.s...
compiling ADC.c...
compiling button.c...
compiling game.c...
game.c(116): warning:  #177-D: variable "i" was declared but never referenced
game.c(155): warning:  #177-D: variable "k" was declared but never referenced
game.c(156): warning:  #177-D: variable "l" was declared but never referenced
game.c(157): warning:  #177-D: variable "bitmap_val" was declared but never referenced
game.c(158): warning:  #177-D: variable "bitmap_x" was declared but never referenced
game.c(159): warning:  #177-D: variable "bitmap_y" was declared but never referenced
game.c(184): warning:  #177-D: variable "i" was declared but never referenced
game.c(185): warning:  #177-D: variable "j" was declared but never referenced
compiling GLCD_SPI_LPC1700.c...
compiling LED.c...
compiling Retarget.c...
uart.h(25): warning:  #47-D: incompatible redefinition of macro "__RTGT_UART"
compiling RIT.c...
RIT.h(7): warning:  #1295-D: Deprecated declaration RIT_IRQHandler - give arg types
RIT.h(10): warning:  #1-D: last line of file ends without a newline
compiling RTX_Conf_CM.c...
compiling Serial.c...
compiling uart.c...
uart.h(25): warning:  #47-D: incompatible redefinition of macro "__RTGT_UART"
compiling system_LPC17xx.c...
linking...
Program Size: Code=11772 RO-data=6580 RW-data=7028 ZI-data=10492  
"brick_breaker.axf" - 0 Error(s), 12 Warning(s).
Rebuild target 'Target 1'
assembling startup_LPC17xx.s...
compiling ADC.c...
compiling button.c...
compiling game.c...
game.c(116): warning:  #177-D: variable "i" was declared but never referenced
game.c(155): warning:  #177-D: variable "k" was declared but never referenced
game.c(156): warning:  #177-D: variable "l" was declared but never referenced
game.c(157): warning:  #177-D: variable "bitmap_val" was declared but never referenced
game.c(158): warning:  #177-D: variable "bitmap_x" was declared but never referenced
game.c(159): warning:  #177-D: variable "bitmap_y" was declared but never referenced
game.c(184): warning:  #177-D: variable "i" was declared but never referenced
game.c(185): warning:  #177-D: variable "j" was declared but never referenced
compiling GLCD_SPI_LPC1700.c...
compiling LED.c...
compiling Retarget.c...
uart.h(25): warning:  #47-D: incompatible redefinition of macro "__RTGT_UART"
compiling RIT.c...
RIT.h(7): warning:  #1295-D: Deprecated declaration RIT_IRQHandler - give arg types
RIT.h(10): warning:  #1-D: last line of file ends without a newline
compiling RTX_Conf_CM.c...
compiling Serial.c...
compiling uart.c...
uart.h(25): warning:  #47-D: incompatible redefinition of macro "__RTGT_UART"
compiling system_LPC17xx.c...
linking...
Program Size: Code=11772 RO-data=6580 RW-data=4628 ZI-data=10492  
"brick_breaker.axf" - 0 Error(s), 12 Warning(s).
Load "N:\\2B\\MTE 241\\Brick_Breaker_New\\brick_breaker.AXF" 
Erase Done.
Programming Done.
Verify OK.
